2026-08-12 10:18:06,726 | INFO | PIPELINE | run_id=20260812_101806 | STARTED
2026-08-12 10:18:06,726 | INFO | PIPELINE | log_file=D:\Coding\Vestas\Pipeline\Risk-Intelligence-System\phase2\logger\run_20260812_101806.log
2026-08-12 10:18:06,733 | INFO | PIPELINE | run_id=20260812_101806 | STEP_1 starting
2026-08-12 10:18:06,733 | INFO | STEP_1 | risk_analysis | STARTED
2026-08-12 10:18:06,733 | INFO | STEP_1 | input_load | STARTED
2026-08-12 10:18:06,733 | INFO | STEP_1 | input_file=D:\Coding\Vestas\Pipeline\Risk-Intelligence-System\phase2\InputJson\VestasAnnualReport2025.json
2026-08-12 10:18:06,733 | INFO | STEP_1 | input_load | SUCCESS | pages=6
2026-08-12 10:18:06,733 | INFO | STEP_1 | enterprise_table | page=51 | block=block-5 | rows=3
2026-08-12 10:18:06,735 | INFO | STEP_1 | topic_detected | page=71 | code=E1 | topic=Climate Change | block=block-3
2026-08-12 10:18:06,735 | INFO | STEP_1 | topic_detected | page=72 | code=E4 | topic=Biodiversity and ecosystems | block=block-1
2026-08-12 10:18:06,735 | INFO | STEP_1 | topic_detected | page=72 | code=E5 | topic=Circular economy and resource use | block=block-2
2026-08-12 10:18:06,735 | INFO | STEP_1 | topic_detected | page=73 | code=S1 | topic=Own Workforce | block=block-1
2026-08-12 10:18:06,735 | INFO | STEP_1 | topic_detected | page=73 | code=S2 | topic=Workers in the value chain | block=block-6
2026-08-12 10:18:06,735 | INFO | STEP_1 | topic_detected | page=74 | code=S3 | topic=Affected communities | block=block-1
2026-08-12 10:18:06,735 | INFO | STEP_1 | topic_detected | page=74 | code=G1 | topic=Business Conduct | block=block-7
2026-08-12 10:18:06,735 | INFO | STEP_1 | table_detected | page=71 | block=block-13 | rows=5
2026-08-12 10:18:06,735 | INFO | STEP_1 | table_detected | page=72 | block=block-9 | rows=1
2026-08-12 10:18:06,735 | INFO | STEP_1 | table_detected | page=72 | block=block-10 | rows=3
2026-08-12 10:18:06,735 | INFO | STEP_1 | table_detected | page=73 | block=block-12 | rows=3
2026-08-12 10:18:06,735 | INFO | STEP_1 | table_detected | page=73 | block=block-13 | rows=3
2026-08-12 10:18:06,735 | INFO | STEP_1 | table_detected | page=74 | block=block-15 | rows=2
2026-08-12 10:18:06,735 | INFO | STEP_1 | table_detected | page=74 | block=block-16 | rows=1
2026-08-12 10:18:06,735 | INFO | STEP_1 | table_detected | page=74 | block=block-17 | rows=3
2026-08-12 10:18:06,735 | INFO | STEP_1 | table_match | page=71 | table=block-13 | topic=E1 | distance=36.35 | overlap=1.00
2026-08-12 10:18:06,735 | INFO | STEP_1 | table_attached | topic=E1 | page=71 | block=block-13 | rows=5
2026-08-12 10:18:06,735 | INFO | STEP_1 | table_match | page=72 | table=block-9 | topic=E4 | distance=17.61 | overlap=1.00
2026-08-12 10:18:06,735 | INFO | STEP_1 | table_attached | topic=E4 | page=72 | block=block-9 | rows=1
2026-08-12 10:18:06,735 | INFO | STEP_1 | table_match | page=72 | table=block-10 | topic=E5 | distance=32.82 | overlap=1.00
2026-08-12 10:18:06,735 | INFO | STEP_1 | table_attached | topic=E5 | page=72 | block=block-10 | rows=3
2026-08-12 10:18:06,735 | INFO | STEP_1 | table_match | page=73 | table=block-12 | topic=S1 | distance=35.06 | overlap=1.00
2026-08-12 10:18:06,735 | INFO | STEP_1 | table_attached | topic=S1 | page=73 | block=block-12 | rows=3
2026-08-12 10:18:06,735 | INFO | STEP_1 | table_match | page=73 | table=block-13 | topic=S2 | distance=34.15 | overlap=1.00
2026-08-12 10:18:06,735 | INFO | STEP_1 | table_attached | topic=S2 | page=73 | block=block-13 | rows=3
2026-08-12 10:18:06,735 | INFO | STEP_1 | table_match | page=74 | table=block-15 | topic=S3 | distance=35.02 | overlap=0.57
2026-08-12 10:18:06,735 | INFO | STEP_1 | table_attached | topic=S3 | page=74 | block=block-15 | rows=2
2026-08-12 10:18:06,735 | INFO | STEP_1 | table_match | page=74 | table=block-16 | topic=S3 | distance=35.38 | overlap=0.00
2026-08-12 10:18:06,735 | INFO | STEP_1 | table_attached | topic=S3 | page=74 | block=block-16 | rows=1
2026-08-12 10:18:06,735 | INFO | STEP_1 | table_match | page=74 | table=block-17 | topic=G1 | distance=35.54 | overlap=1.00
2026-08-12 10:18:06,735 | INFO | STEP_1 | table_attached | topic=G1 | page=74 | block=block-17 | rows=3
2026-08-12 10:18:06,735 | INFO | STEP_1 | risk_analysis | SUCCESS | topics=7 | material_tables=8 | topics_without_tables=0
2026-08-12 10:18:06,735 | INFO | STEP_1 | output_write | SUCCESS | output=D:\Coding\Vestas\Pipeline\Risk-Intelligence-System\phase2\output\risk_analysis.json
2026-08-12 10:18:06,735 | INFO | PIPELINE | run_id=20260812_101806 | STEP_1 completed
