2026-08-12 10:01:21,093 | INFO | PIPELINE | run_id=20260812_100121 | STARTED
2026-08-12 10:01:21,093 | INFO | PIPELINE | log_file=D:\Coding\Vestas\Pipeline\Risk-Intelligence-System\phase2\logger\run_20260812_100121.log
2026-08-12 10:01:21,093 | INFO | PIPELINE | run_id=20260812_100121 | STEP_1 starting
2026-08-12 10:01:21,093 | INFO | STEP_1 | risk_analysis | STARTED
2026-08-12 10:01:21,093 | INFO | STEP_1 | input_load | STARTED
2026-08-12 10:01:21,093 | INFO | STEP_1 | input_file=D:\Coding\Vestas\Pipeline\Risk-Intelligence-System\phase2\InputJson\VestasAnnualReport2025.json
2026-08-12 10:01:21,140 | INFO | STEP_1 | input_load | SUCCESS | pages=6
2026-08-12 10:01:21,140 | INFO | STEP_1 | enterprise_table | page=51 | block=block-5 | rows=3
2026-08-12 10:01:21,141 | INFO | STEP_1 | topic_detected | page=71 | code=E1 | topic=Climate Change
2026-08-12 10:01:21,141 | INFO | STEP_1 | table_attached | topic=E1 | page=71 | block=block-13 | rows=5
2026-08-12 10:01:21,141 | INFO | STEP_1 | topic_detected | page=72 | code=E4 | topic=Biodiversity and ecosystems
2026-08-12 10:01:21,141 | INFO | STEP_1 | topic_detected | page=72 | code=E5 | topic=Circular economy and resource use
2026-08-12 10:01:21,141 | INFO | STEP_1 | table_attached | topic=E5 | page=72 | block=block-9 | rows=1
2026-08-12 10:01:21,141 | INFO | STEP_1 | table_attached | topic=E5 | page=72 | block=block-10 | rows=3
2026-08-12 10:01:21,141 | INFO | STEP_1 | topic_detected | page=73 | code=S1 | topic=Own Workforce
2026-08-12 10:01:21,141 | INFO | STEP_1 | topic_detected | page=73 | code=S2 | topic=Workers in the value chain
2026-08-12 10:01:21,141 | INFO | STEP_1 | table_attached | topic=S2 | page=73 | block=block-12 | rows=3
2026-08-12 10:01:21,141 | INFO | STEP_1 | table_attached | topic=S2 | page=73 | block=block-13 | rows=3
2026-08-12 10:01:21,141 | INFO | STEP_1 | topic_detected | page=74 | code=S3 | topic=Affected communities
2026-08-12 10:01:21,141 | INFO | STEP_1 | topic_detected | page=74 | code=G1 | topic=Business Conduct
2026-08-12 10:01:21,141 | INFO | STEP_1 | table_attached | topic=G1 | page=74 | block=block-15 | rows=2
2026-08-12 10:01:21,141 | INFO | STEP_1 | table_attached | topic=G1 | page=74 | block=block-16 | rows=1
2026-08-12 10:01:21,141 | INFO | STEP_1 | table_attached | topic=G1 | page=74 | block=block-17 | rows=3
2026-08-12 10:01:21,141 | INFO | STEP_1 | risk_analysis | SUCCESS | topics=7 | material_tables=8
2026-08-12 10:01:21,141 | INFO | STEP_1 | output_write | SUCCESS | output=D:\Coding\Vestas\Pipeline\Risk-Intelligence-System\phase2\output\risk_analysis.json
2026-08-12 10:01:21,141 | INFO | PIPELINE | run_id=20260812_100121 | STEP_1 completed
